PS C:\GitHub\GitHub_Tutorial> mkdir git_challenge


    ディレクトリ: C:\GitHub\GitHub_Tutorial


Mode                 LastWriteTime         Length Name
----                 -------------         ------ ----
d-----        2023/11/29     17:42                git_challenge


PS C:\GitHub\GitHub_Tutorial> cd git_challenge
PS C:\GitHub\GitHub_Tutorial\git_challenge> git init
Initialized empty Git repository in C:/GitHub/GitHub_Tutorial/git_challenge/.git/
PS C:\GitHub\GitHub_Tutorial\git_challenge> echo "Hello, world!" >> hello_world.txt
PS C:\GitHub\GitHub_Tutorial\git_challenge> git add .
PS C:\GitHub\GitHub_Tutorial\git_challenge> git commit -m "hello_world.txtを追加"
[main (root-commit) 8407004] hello_world.txtを追加
 1 file changed, 0 insertions(+), 0 deletions(-)
 create mode 100644 hello_world.txt
PS C:\GitHub\GitHub_Tutorial\git_challenge> git status
On branch main
Changes not staged for commit:
  (use "git add <file>..." to update what will be committed)
  (use "git restore <file>..." to discard changes in working directory)
        modified:   hello_world.txt

no changes added to commit (use "git add" and/or "git commit -a")
PS C:\GitHub\GitHub_Tutorial\git_challenge> git add .
PS C:\GitHub\GitHub_Tutorial\git_challenge> git commit -m "日本語訳を追記"
[main ed070e3] 日本語訳を追記
 1 file changed, 0 insertions(+), 0 deletions(-)
PS C:\GitHub\GitHub_Tutorial\git_challenge> git log --oneline
ed070e3 (HEAD -> main) 日本語訳を追記
8407004 hello_world.txtを追加
PS C:\GitHub\GitHub_Tutorial\git_challenge> 